[nikkhaharman.wixsite.com/resume.html]
[static.parastorage.com/unpkg/core-js-bundle@3.2.1/minified.js]
[static.parastorage.com/unpkg/focus-within-polyfill@5.0.9/dist/focus-within-polyfill.js]
[backblue.gif]
[fade.gif]
[index.html]
[polyfill.io/v3/polyfill.mind82c.js]
[browser.sentry-cdn.com/6.18.2/bundle.min.js]
[nikkhaharman.wixsite.com/decodeURIComponent(e]
[nikkhaharman.wixsite.com/sitemap.xml]
[nikkhaharman.wixsite.com/feed.xml]
[nikkhaharman.wixsite.com/t]
[static.parastorage.com/services/wix-thunderbolt/dist/bootstrap-features.1a99b4a8.bundle.min.js]
[static.parastorage.com/services/wix-thunderbolt/dist/main.24eb524d.bundle.min.js]
[static.parastorage.com/unpkg/lodash@4.17.21/lodash.min.js]
[static.parastorage.com/unpkg/react@16.14.0/umd/react.production.min.js]
[static.parastorage.com/services/tag-manager-client/1.427.0/siteTags.bundle.min.js]
[static.parastorage.com/services/wix-perf-measure/1.1042.0/wix-perf-measure.bundle.min.js]
[static.parastorage.com/unpkg/react-dom@16.14.0/umd/react-dom.production.min.js]
[nikkhaharman.wixsite.com/index.html]
[nikkhaharman.wixsite.com/da6c52cb.min.10.delayed]
[nikkhaharman.wixsite.com/version/index.html]
[nikkhaharman.wixsite.com/02b07b80.min.css]
[nikkhaharman.wixsite.com/4da3e2b2.min.css]
[nikkhaharman.wixsite.com/99a6a99f.min.css]
[nikkhaharman.wixsite.com/d078781b.min.css]
[nikkhaharman.wixsite.com/de9c2975.chunk.min.js]
[nikkhaharman.wixsite.com/9b4a379d.chunk.min.js]
[nikkhaharman.wixsite.com/rb_wixui.thunderbolt_bootstrap-classic.f032f998.chunk.min.js]
[nikkhaharman.wixsite.com/rb_wixui.thunderbolt_bootstrap-responsive.f3ca696f.chunk.min.css]
[nikkhaharman.wixsite.com/rb_wixui.thunderbolt_bootstrap-responsive.9b4a379d.chunk.min.js]
[nikkhaharman.wixsite.com/rb_wixui.thunderbolt_bootstrap.8a86afda.chunk.min.css]
[nikkhaharman.wixsite.com/rb_wixui.thunderbolt_bootstrap.de9c2975.chunk.min.js]
[static.wixstatic.com/media/5c4695_6d2eb90be24d49598f0d97246d24d6fc_mv2.jpg/v1/fill/w_213,h_120,al_c,q_80,usm_0.66_1.00_0.01,enc_auto/istockphoto-1186031268-1024x1024.jpg]
[static.wixstatic.com/media/5c4695_bd434c07e3074bec94fdb43c390899a6_mv2.jpg/v1/fill/w_123,h_80,al_c,q_80,usm_0.66_1.00_0.01,blur_2,enc_auto/5c4695_bd434c07e3074bec94fdb43c390899a6_mv2.jpg]
[static.wixstatic.com/media/5c4695_a88ec7ba387b4e06b21735c5f7554b0e_mv2.jpg/v1/crop/x_469,y_1682,w_2078,h_2078/fill/w_100,h_100,al_c,q_80,usm_0.66_1.00_0.01,blur_2,enc_auto/IMG_2079.jpg]
[static.wixstatic.com/media/nsplsh_b706d4894f5640ab935fd6403c491303_mv2.jpg/v1/fill/w_200,h_133,al_c,q_80,usm_0.66_1.00_0.01,blur_3,enc_auto/Image by Avel Chuklanov.jpg]
[static.wixstatic.com/media/nsplsh_2dca51f2c5c549298fa2f093cc829772_mv2.jpg/v1/fill/w_200,h_175,al_c,q_80,usm_0.66_1.00_0.01,blur_3,enc_auto/Image by Leon Wu.jpg]
[static.wixstatic.com/media/5c4695_6e306e7c785948308d4463d379e195de_mv2.png/v1/fill/w_113,h_63,al_c,q_85,usm_0.66_1.00_0.01,blur_2,enc_auto/5c4695_6e306e7c785948308d4463d379e195de_mv2.png]
[static.wixstatic.com/media/nsplsh_46692d474a614c52474b63_mv2_d_5534_3459_s/v1/fill/w_112,h_70,al_c,q_80,usm_0.66_1.00_0.01,blur_2,/nsplsh_46692d474a614c52474b63_mv2_d_5534_3459_s_4_2.jpg]
[static.wixstatic.com/media/nsplsh_e8df2bc66555416ab866ddb3ea1b4d82_mv2.jpg/v1/fill/w_113,h_84,al_c,q_80,usm_0.66_1.00_0.01,blur_2,enc_auto/nsplsh_e8df2bc66555416ab866ddb3ea1b4d82_mv2.jpg]
[static.wixstatic.com/media/5c4695_0975dc44ec5a4b93b06887ca844a3586_mv2.png/v1/fill/w_115,h_65,al_c,q_85,usm_0.66_1.00_0.01,blur_2,enc_auto/2.png]
[static.wixstatic.com/media/nsplsh_684232705179466c655351_mv2_d_5472_3648_s_4_2.jpg/v1/fill/w_115,h_77,al_c,q_80,usm_0.66_1.00_0.01,blur_2,enc_auto/Image by Thought Catalog.jpg]
[static.wixstatic.com/media/nsplsh_75314547667542346c6c55_mv2_d_3880_4982_s_4_2.jpg/v1/fill/w_73,h_94,al_c,q_80,usm_0.66_1.00_0.01,blur_2,enc_auto/Image by Joshua Fuller.jpg]
[static.wixstatic.com/media/nsplsh_44ed343aafcf440c82fa884dbea2cbd7_mv2.jpg/v1/fill/w_115,h_77,al_c,q_80,usm_0.66_1.00_0.01,blur_2,enc_auto/Image by Hal Gatewood.jpg]
[static.wixstatic.com/media/nsplsh_c6f6d3a084cf4018a1c4f6445dec1fb1_mv2.jpg/v1/fill/w_115,h_77,al_c,q_80,usm_0.66_1.00_0.01,blur_2,enc_auto/Image by Maxim Hopman.jpg]
[static.wixstatic.com/media/nsplsh_6843554134787478565441_mv2_d_5184_3456_s_4_2.jpg/v1/fill/w_115,h_77,al_c,q_80,usm_0.66_1.00_0.01,blur_2,enc_auto/Image by Elena Taranenko.jpg]
[static.wixstatic.com/media/nsplsh_60fbc5bcca6c4b74a83a510ac2008ba9_mv2.jpg/v1/fill/w_115,h_77,al_c,q_80,usm_0.66_1.00_0.01,blur_2,enc_auto/Image by Solen Feyissa.jpg]
[static.wixstatic.com/media/5c4695_d856575122e645bb9bdcba2fb7abab3f_mv2.jpg/v1/fill/w_115,h_86,al_c,q_80,usm_0.66_1.00_0.01,blur_2,enc_auto/yolo-sparklers-new-year-you-only-live-once.jpg]
[static.wixstatic.com/media/5c4695_6b9fe551b9e74c61a95c54d1b7cf67c9_mv2.jpg/v1/crop/x_140,y_0,w_360,h_360/fill/w_121,h_121,al_c,q_80,usm_0.66_1.00_0.01,blur_3,enc_auto/910684692-640x640.jpg]
[static.wixstatic.com/media/5c4695_1a5f70abbbc245abba5cd818723bc483_mv2.jpg/v1/crop/x_39,y_0,w_477,h_477/fill/w_121,h_121,al_c,q_80,usm_0.66_1.00_0.01,blur_3/supervised_and_unsupervised_learning]
[static.wixstatic.com/media/5c4695_e26a46b8e9764afdab63d7a93ba77bc9_mv2.jpg/v1/crop/x_286,y_0,w_628,h_628/fill/w_121,h_121,al_c,q_80,usm_0.66_1.00_0.01,blur_3,enc_auto/092921-og.jpg]
[static.wixstatic.com/media/5c4695_15f6345d42d94d298f182c525b483348_mv2.jpg/v1/crop/x_241,y_0,w_850,h_850/fill/w_121,h_121,al_c,q_80,usm_0.66_1.00_0.01,blur_3,enc_auto/1667635.jpg]
[static.wixstatic.com/media/5c4695_284afde65b8049049b1ed0c7f5437579_mv2.jpg/v1/fill/w_121,h_121,al_c,q_80,usm_0.66_1.00_0.01,blur_3,enc_auto/creative-abstract-npl-illustration_52683-79683.jpg]
[static.wixstatic.com/media/5c4695_3e1e2cd5945a4fc9831bd286cb8e858c_mv2.jpg/v1/crop/x_253,y_0,w_712,h_712/fill/w_121,h_121,al_c,q_80,usm_0.66_1.00_0.01,blur_3,enc_auto/k4-e1583781862982.jpg]
[static.wixstatic.com/media/5c4695_71e3bc569d07467bb6158057bf7b4770_mv2.jpg/v1/fill/w_116,h_80,al_c,q_80,usm_0.66_1.00_0.01,blur_2,enc_auto/announcement-article-articles-copy-coverage.jpg]
[static.wixstatic.com/media/5c4695_65b566fc6d6c4a2392f10a30ddd1c79e_mv2.jpg/v1/crop/x_360,y_0,w_1200,h_1200/fill/w_97,h_97,al_c,q_80,usm_0.66_1.00_0.01,blur_2,enc_auto/2062162.jpg]
[static.wixstatic.com/media/nsplsh_b3b45d39d20e440f960301429f425bfe_mv2.jpg/v1/fill/w_147,h_98,al_c,q_80,usm_0.66_1.00_0.01,blur_2,enc_auto/nsplsh_b3b45d39d20e440f960301429f425bfe_mv2.jpg]
[static.wixstatic.com/media/nsplsh_a2b80a79ecb4423a93f380d39700d830_mv2.jpg/v1/fill/w_123,h_78,al_c,q_80,usm_0.66_1.00_0.01,blur_2,enc_auto/nsplsh_a2b80a79ecb4423a93f380d39700d830_mv2.jpg]
[nikkhaharman.wixsite.com/resume.html]
[nikkhaharman.wixsite.com/decodeURIComponent(e.html]
[nikkhaharman.wixsite.com/sitemap.html]
[nikkhaharman.wixsite.com/feed.html]
[nikkhaharman.wixsite.com/t.html]
[nikkhaharman.wixsite.com/index.html]
[nikkhaharman.wixsite.com/version/index.html]
[nikkhaharman.wixsite.com/da6c52cb.min.html]
[nikkhaharman.wixsite.com/02b07b80.min.html]
[nikkhaharman.wixsite.com/4da3e2b2.min.html]
[nikkhaharman.wixsite.com/99a6a99f.min.html]
[nikkhaharman.wixsite.com/d078781b.min.html]
[nikkhaharman.wixsite.com/de9c2975.chunk.min.html]
[nikkhaharman.wixsite.com/9b4a379d.chunk.min.html]
[nikkhaharman.wixsite.com/rb_wixui.thunderbolt_bootstrap-classic.f032f998.chunk.min.html]
[nikkhaharman.wixsite.com/rb_wixui.thunderbolt_bootstrap-responsive.f3ca696f.chunk.min.html]
[nikkhaharman.wixsite.com/rb_wixui.thunderbolt_bootstrap-responsive.9b4a379d.chunk.min.html]
[nikkhaharman.wixsite.com/rb_wixui.thunderbolt_bootstrap.8a86afda.chunk.min.html]
[nikkhaharman.wixsite.com/rb_wixui.thunderbolt_bootstrap.de9c2975.chunk.min.html]
